vishal_rakhonde@VISHAL:~/Mar24/LinuxAssignment$ ls -l
total 8
drwxr-xr-x 3 vishal_rakhonde vishal_rakhonde 4096 Mar  7 19:22 docs
-rw-r--r-- 1 vishal_rakhonde vishal_rakhonde   13 Mar  7 19:40 file1.txt
vishal_rakhonde@VISHAL:~/Mar24/LinuxAssignment$ touch dat.txt
vishal_rakhonde@VISHAL:~/Mar24/LinuxAssignment$ rm dat.txt
vishal_rakhonde@VISHAL:~/Mar24/LinuxAssignment$ touch data.txt
vishal_rakhonde@VISHAL:~/Mar24/LinuxAssignment$ cat > data.txt
apple
ball
cat
dog
elephant
fish
goat
hen
icecream
joker
kite
lemon
mouse
vishal_rakhonde@VISHAL:~/Mar24/LinuxAssignment$ head -10 data.txt
apple
ball
cat
dog
elephant
fish
goat
hen
icecream
joker
vishal_rakhonde@VISHAL:~/Mar24/LinuxAssignment$ tail -5 data.txt
icecream
joker
kite
lemon
mouse
vishal_rakhonde@VISHAL:~/Mar24/LinuxAssignment$ touch numbers.txt
vishal_rakhonde@VISHAL:~/Mar24/LinuxAssignment$ cat > numbers.txt
1
2
3
4
5
6
7
8
9
10
11
12
13
14
15vishal_rakhonde@VISHAL:~/Mar24/LinuxAssignment$ head -15 numbers.txt
1
2
3
4
5
6
7
8
9
10
11
12
13
14
15vishal_rakhonde@VISHAL:~/Mar24/LinuxAssignment$ tail -3 numbers.txt
13
14
15vishal_rakhonde@VISHAL:~/Mar24/LinuxAssignment$ touch input.txt
vishal_rakhonde@VISHAL:~/Mar24/LinuxAssignment$ cat > input.txt
vishal
patilvishal_rakhonde@VISHAL:~/Mar24/LinuxAssignment$ tr input.txt output.txt
vishal_rakhonde@VISHAL:~/Mar24/LinuxAssignment$ ls -l
total 20
-rw-r--r-- 1 vishal_rakhonde vishal_rakhonde   74 Mar  7 20:02 data.txt
drwxr-xr-x 3 vishal_rakhonde vishal_rakhonde 4096 Mar  7 19:22 docs
-rw-r--r-- 1 vishal_rakhonde vishal_rakhonde   13 Mar  7 19:40 file1.txt
-rw-r--r-- 1 vishal_rakhonde vishal_rakhonde   12 Mar  7 20:10 input.txt
-rw-r--r-- 1 vishal_rakhonde vishal_rakhonde   35 Mar  7 20:07 numbers.txt
vishal_rakhonde@VISHAL:~/Mar24/LinuxAssignment$ tr 'a-zA-Z' <input.txt> output.txt
tr: missing operand after ‘a-zA-Z’
Two strings must be given when translating.
Try 'tr --help' for more information.
vishal_rakhonde@VISHAL:~/Mar24/LinuxAssignment$ tr input.txt output.txt
vishal_rakhonde@VISHAL:~/Mar24/LinuxAssignment$ pwd
/home/vishal_rakhonde/Mar24/LinuxAssignment
vishal_rakhonde@VISHAL:~/Mar24/LinuxAssignment$ tr 'a-zA-Z' 'A-Za-z' <input.txt> output.txt
vishal_rakhonde@VISHAL:~/Mar24/LinuxAssignment$ ls -l
total 24
-rw-r--r-- 1 vishal_rakhonde vishal_rakhonde   74 Mar  7 20:02 data.txt
drwxr-xr-x 3 vishal_rakhonde vishal_rakhonde 4096 Mar  7 19:22 docs
-rw-r--r-- 1 vishal_rakhonde vishal_rakhonde   13 Mar  7 19:40 file1.txt
-rw-r--r-- 1 vishal_rakhonde vishal_rakhonde   12 Mar  7 20:10 input.txt
-rw-r--r-- 1 vishal_rakhonde vishal_rakhonde   35 Mar  7 20:07 numbers.txt
-rw-r--r-- 1 vishal_rakhonde vishal_rakhonde   12 Mar  7 20:23 output.txt
vishal_rakhonde@VISHAL:~/Mar24/LinuxAssignment$ cat output.txt
VISHAL
PATILvishal_rakhonde@VISHAL:~/Mar24/LinuxAssignment$ touch duplicate.txt
vishal_rakhonde@VISHAL:~/Mar24/LinuxAssignment$ cat > duplicate.txt
vishal
vishal
patil
patil
rakhonde
rakhonde
pune
nandedvishal_rakhonde@VISHAL:~/Mar24/LinuxAssignment$ man sort
vishal_rakhonde@VISHAL:~/Mar24/LinuxAssignment$ sort duplicate.txt uniq
sort: cannot read: uniq: No such file or directory
vishal_rakhonde@VISHAL:~/Mar24/LinuxAssignment$ sort duplicate.txt | uniq
nanded
patil
pune
rakhonde
vishal
vishal_rakhonde@VISHAL:~/Mar24/LinuxAssignment$ touch fruit.txt
vishal_rakhonde@VISHAL:~/Mar24/LinuxAssignment$ cat >fruit.txt
apple apple
mango
mango
mango
kiwi
kiwi
kiwi
kiwi
banana
vishal_rakhonde@VISHAL:~/Mar24/LinuxAssignment$ sort fruit.txt | uniq -c
      1 apple apple
      1 banana
      4 kiwi
      1 mango
      2 mango
vishal_rakhonde@VISHAL:~/Mar24/LinuxAssignment$